/**
 * Copyright (C) 2024 Temmi Pietsch - All Rights Reserved
 *
 * You may not use, distribute or modify this code without the explicitly
 * permission of the author.
 */

// Jest Snapshot v1, https://goo.gl/fbAQLP

exports[`renders correctly 1`] = `
<Text
  style={
    [
      {
        "color": "#11181C",
      },
      {
        "fontSize": 16,
        "lineHeight": 24,
      },
      undefined,
      undefined,
      undefined,
      undefined,
      undefined,
    ]
  }
>
  Snapshot test!
</Text>
`;
